// Jest Snapshot v1, https://goo.gl/fbAQLP

exports[`LandingPage 1`] = `
<div
  className="welcome"
>
  <div
    className="container"
  >
    <span
      className="letter letter-1"
    >
      W
    </span>
    <span
      className="letter letter-2"
    >
      e 
    </span>
    <span
      className="letter letter-3"
    >
      l
    </span>
    <span
      className="letter letter-4"
    >
      c
    </span>
    <span
      className="letter letter-5"
    >
      o
    </span>
    <span
      className="letter letter-6"
    >
      m
    </span>
    <span
      className="letter letter-7"
    >
      e
    </span>
  </div>
</div>
`;
